[DATA_POINT]
1="tcp_connect"
2="tcp_connection_count"
3="mic_recv"
4="HTTP_200"
5="ssl_session_new"
6="tcp_shutdown"
7="HTTP_204"
8="ssl_session_reuse"
10="RETRY_KEEP_ALIVE"
9="HTTP_404"
[END_TRANSACTION]
49="https://safebrowsing.googleapis.com/v4/threatListUpdates_fetch?$req=Ch0KDGdvb2dsZWNocm9tZRINNzkuMC4zOTQ1LjExNxopCAUQARobCg0IBRAGGAEiAzAwMTABEKbwBxoCGArCHMboIgQgASACKAEaKQgBEAEaGwoNCAEQBhgBIgMwMDEwARDs9QYaAhgKTvh-FyIEIAEgAigBGikIAxABGhsKDQgDEAYYASIDMDAxMAEQ3_QGGgIYCkH5BKoiBCABIAIoARopCAcQARobCg0IBxAGGAEiAzAwMTABEPXaBhoCGAp9mrJCIgQgASACKAEaJwgBEAEaGQoNCAEQBhgBIgMwMDEwAxAUGgIYCgFXi7AiBCABIAIoAxooCAEQCBoaCg0IARAIGAEiAzAwMTAEEIsZGgIYCt1fxh4iBCABIAIoBBonCAkQARoZCg0ICRAGGAEiAzAwMTAGEAIaAhgKr7vuFSIEIAEgAigGGigIDxABGhoKDQgPEAYYASIDMDAxMAEQ6R4aAhgK1scsCiIEIAEgAigBGicIChAIGhkKDQgKEAgYASIDMDAxMAEQBRoCGAqjPgAuIgQgASACKAEaJwgJEAEaGQoNCAkQBhgBIgMwMDEwARAYGgIYCobvuSAiBCABIAIoARooCAgQARoaCg0ICBAGGAEiAzAwMTABEN8HGgIYChB81K8iBCABIAIoARooCA0QARoaCg0IDRAGGAEiAzAwMTABEOdiGgIYCnsKFKUiBCABIAIoARopCA4QARobCg0IDhAGGAEiAzAwMTABEOj2AhoCGApbJM1sIgQgASACKAEaKAgQEAEaGgoNCBAQBhgBIgMwMDEwARCWARoCGAqQhpUZIgQgASACKAEiAggB&$ct=application/x-protobuf&key=AIzaSyBOti4mM-6x9WDnZIjIeyEU21OpBXqWBgw"
50="threatListUpdat_remaining_fields_36"
51="remaining_fields_Transaction"
52="newtable_3_submit_15"
53="newtable_4_submit_26"
54="newtable_5_submit_37"
55="newtable_6_submit_46"
56="newtable_7_submit_57"
57="submit_Transaction"
58="vuser_end_Transaction"
1="vuser_init_Transaction"
2="http://demo.automationtesting.in/Register.html"
3="http://ajax.googleapis.com/ajax/libs/angularjs/1.4.8/angular.min.js"
4="https://cdnjs.cloudflare.com/ajax/libs/select2/4.0.1/js/select2.min.js"
5="https://cdnjs.cloudflare.com/ajax/libs/select2/4.0.1/css/select2.min.css"
6="https://cdnjs.cloudflare.com/ajax/libs/angular.js/1.4.8/angular-cookies.js"
7="http://pagead2.googlesyndication.com/pagead/js/adsbygoogle.js"
8="https://ajax.googleapis.com/ajax/libs/jquery/1.12.0/jquery.min.js"
9="http://maxcdn.bootstrapcdn.com/bootstrap/3.3.6/css/bootstrap.min.css"
10="http://code.jquery.com/ui/1.10.4/themes/ui-lightness/jquery-ui.css"
11="http://maxcdn.bootstrapcdn.com/bootstrap/3.3.6/js/bootstrap.min.js"
12="https://adservice.google.co.in/adsid/integrator.js?domain=demo.automationtesting.in"
13="https://adservice.google.com/adsid/integrator.js?domain=demo.automationtesting.in"
14="https://pagead2.googlesyndication.com/pagead/js/r20200109/r20190131/show_ads_impl_fy2019.js"
15="https://www.googletagservices.com/activeview/js/current/osd.js?cb=%2Fr20100101"
16="http://demo.automationtesting.in/ng-grid.css"
17="http://demo.automationtesting.in/Register.css"
18="http://demo.automationtesting.in/angcontroller.js"
19="http://demo.automationtesting.in/Register.js"
20="https://maxcdn.bootstrapcdn.com/font-awesome/4.5.0/css/font-awesome.min.css"
21="http://demo.automationtesting.in/original.png"
22="http://demo.automationtesting.in/ui-grid.js"
23="Register.html_Action_9"
24="https://www.gstatic.com/autofill/hourly/bins.json"
25="bins.json_Action_29"
26="https://www.gstatic.com/autofill/weekly/merchants.json"
27="merchants.json_Action_38"
28="https://clientservices.googleapis.com/chrome-variations/seed?osname=win&channel=stable&milestone=79"
29="https://ssl.gstatic.com/safebrowsing/csd/client_model_v5_variation_0.pb"
30="https://ssl.gstatic.com/safebrowsing/csd/client_model_v5_ext_variation_0.pb"
31="seed_Action_62"
32="http://demo.automationtesting.in/Languages.json"
33="Languages.json_Action_76"
34="http://demo.automationtesting.in/Skills.json"
35="https://maxcdn.bootstrapcdn.com/font-awesome/4.5.0/fonts/fontawesome-webfont.woff2?v=4.5.0"
36="Skills.json_Action_85"
37="https://restcountries.eu/rest/v1/all"
38="https://clients1.google.com/tbproxy/af/query?q=Chc2LjEuMTcxNS4xNDQyL2VuIChHR0xMKRMZdGwYfQUrPgwjLZFhlU4kIy2RYZVOJCMtBu27_yQjLVALr7AkIy1PfPwCJCMtBOnLBCQjLfkv2KUkIy2gedmmJCMtKpW1IyQjLZSQkvokIy1mge02JCMtJ_YdQyQjLRsrZFgkFA=="
39="all_Action_107"
40="https://api.mlab.com/api/1/databases/userdetails/collections/newtable?apiKey=YEX0M2QMPd7JWJw_ipMB3a5gDddt4B_X"
41="newtable_Action_118"
42="newtable_2_Action_127"
43="Action_Transaction"
44="names_Transaction"
45="http://pagead2.googlesyndication.com/pagead/gen_204?id=ovlp&adf=483100908&client=ca-pub-9173866185064071&eid=21065289%2C21065291%2C21065293%2C21065295%2C44712108&et=7&io=0&saldr=aa&oa=0.00&rafmt=1&roa=0&slot=6638633547&sp=0%2C500&tgt=ins%2Faswift_0_expand.0&tr=63.025001525878906%2C-312%2C194.2249984741211%2C288&url=http%3A%2F%2Fdemo.automationtesting.in%2FRegister.html&vp=1066x437"
46="gen_204_remaining_fields_6"
47="https://clients1.google.com/tbproxy/af/query?q=Chc2LjEuMTcxNS4xNDQyL2VuIChHR0xMKRMZdGwYfQUrPgwjLZFhlU4kIy2RYZVOJCMtBu27_yQjLVALr7AkIy1PfPwCJCMtBOnLBCQjLfkv2KUkIy2gedmmJCMtKpW1IyQjLZSQkvokIy1mge02JCMtJ_YdQyQjLRsrZFgkFBMZ2o3f6mGa-GcjLb2Fgw8kFA=="
48="query_remaining_fields_23"
